1: CLASS_ID(String)
1: ID(d)
1: ASSIGN
Line 1: illegal literal inside a string: \
