1: INT
1: ID(legal1)
1: ASSIGN
1: MINUS
1: INTEGER(1214000003)
2: INT
2: ID(legal2)
2: ASSIGN
2: INTEGER(2049999999)
3: INT
3: ID(legal3)
3: ASSIGN
3: MINUS
3: INTEGER(2147483648)
4: INT
4: ID(illegal)
4: ASSIGN
Line 4: Integer out of range: 2147489999
