1: INT
1: ID(num1)
1: ASSIGN
Line 1: Integer out of range: 3785430009
