1: INT
1: ID(a)
1: ASSIGN
Line 1: illegal character: $
